cd memcache-perf-dynamic
./mcperf -T 4 -A
Welcome to Ubuntu 22.04.3 LTS (GNU/Linux 6.5.0-1013-gcp x86_64)

 * Documentation:  https://help.ubuntu.com
 * Management:     https://landscape.canonical.com
 * Support:        https://ubuntu.com/pro

  System information as of Mon Apr 22 14:50:38 UTC 2024

  System load:  0.6650390625       Processes:             136
  Usage of /:   4.0% of 123.87GB   Users logged in:       0
  Memory usage: 3%                 IPv4 address for ens4: 10.0.16.8
  Swap usage:   0%


Expanded Security Maintenance for Applications is not enabled.

75 updates can be applied immediately.
51 of these updates are standard security updates.
To see these additional updates run: apt list --upgradable

Enable ESM Apps to receive additional future security updates.
See https://ubuntu.com/esm or run: sudo pro status


*** System restart required ***
Last login: Mon Apr 22 14:41:49 2024 from 195.176.112.204
cd memcache-perf-dynamic
./mcperf -T 4 -A
ubuntu@client-agent-b-706z:~$ cd memcache-perf-dynamic
ubuntu@client-agent-b-706z:~/memcache-perf-dynamic$ ./mcperf -T 4 -A
Local QPS = 19205.0 (192050 / 10.0s) - 192050.0, 0.0
#type       avg     std     min      p5     p10     p50     p67     p75     p80
    p85     p90     p95     p99    p999   p9999 QPS
read      386.3   357.4   173.5   242.4   258.4   345.9   394.3   423.2   444.5
  470.0   505.6   561.8   773.9  5893.2 12635.5  19205.0
Local QPS = 19271.1 (192712 / 10.0s) - 192712.0, 0.0
#type       avg     std     min      p5     p10     p50     p67     p75     p80
    p85     p90     p95     p99    p999   p9999 QPS
read      384.7   426.2   187.4   239.1   254.1   340.4   389.9   419.1   440.0
  465.8   500.0   551.3   741.3  7518.9 14456.4  19271.1
Local QPS = 19298.2 (192982 / 10.0s) - 192982.0, 0.0
#type       avg     std     min      p5     p10     p50     p67     p75     p80
    p85     p90     p95     p99    p999   p9999 QPS
read      395.4   330.7   173.5   240.7   258.1   363.4   420.0   450.1   470.1
  496.0   528.5   581.0   747.4  5372.9 12730.2  19298.2
Local QPS = 19468.5 (194685 / 10.0s) - 194685.0, 0.0
#type       avg     std     min      p5     p10     p50     p67     p75     p80
    p85     p90     p95     p99    p999   p9999 QPS
read      385.9   299.7   173.5   242.1   258.4   356.9   409.2   437.4   458.5
  482.6   513.2   566.4   711.2  4453.6 10849.2  19468.5
Local QPS = 19338.6 (193386 / 10.0s) - 193386.0, 0.0
#type       avg     std     min      p5     p10     p50     p67     p75     p80
    p85     p90     p95     p99    p999   p9999 QPS
read      388.5   280.4   173.5   240.2   256.7   360.9   415.6   444.7   464.9
  489.7   521.5   578.2   744.6  3977.2 12401.9  19338.6
Local QPS = 19282.2 (192822 / 10.0s) - 192822.0, 0.0
#type       avg     std     min      p5     p10     p50     p67     p75     p80
    p85     p90     p95     p99    p999   p9999 QPS
read      393.4   264.5   173.5   245.3   262.3   366.6   420.7   449.7   469.6
  495.3   528.7   585.8   740.8  4356.1 10070.6  19282.2
Local QPS = 19342.0 (193420 / 10.0s) - 193420.0, 0.0
#type       avg     std     min      p5     p10     p50     p67     p75     p80
    p85     p90     p95     p99    p999   p9999 QPS
read      377.4   293.3   187.4   239.7   255.5   347.5   397.3   424.8   444.3
  467.3   498.4   546.6   700.1  4709.4 11497.2  19342.0
Local QPS = 19311.8 (193118 / 10.0s) - 193118.0, 0.0
#type       avg     std     min      p5     p10     p50     p67     p75     p80
    p85     p90     p95     p99    p999   p9999 QPS
read      400.7   293.6   187.4   245.1   262.5   371.0   426.2   456.1   477.1
  503.1   539.1   604.8   796.2  4148.8 12704.6  19311.8
Local QPS = 19436.4 (194364 / 10.0s) - 194364.0, 0.0
#type       avg     std     min      p5     p10     p50     p67     p75     p80
    p85     p90     p95     p99    p999   p9999 QPS
read      386.3   245.4   187.4   242.0   258.5   359.8   414.2   443.2   464.1
  489.4   521.4   575.2   726.4  3605.0 11987.5  19436.4
Local QPS = 19379.9 (193799 / 10.0s) - 193799.0, 0.0
#type       avg     std     min      p5     p10     p50     p67     p75     p80
    p85     p90     p95     p99    p999   p9999 QPS
read      391.4   337.8   173.5   241.2   258.0   358.6   410.8   438.2   458.9
  482.7   513.1   571.5   799.8  6338.1 12253.6  19379.9
Local QPS = 19415.2 (194152 / 10.0s) - 194152.0, 0.0
#type       avg     std     min      p5     p10     p50     p67     p75     p80
    p85     p90     p95     p99    p999   p9999 QPS
read      371.2   136.0   173.5   240.8   257.1   353.4   405.5   433.2   452.7
  473.1   502.0   545.5   657.0  1017.2  5089.6  19415.2
Local QPS = 19456.4 (194564 / 10.0s) - 194564.0, 0.0
#type       avg     std     min      p5     p10     p50     p67     p75     p80
    p85     p90     p95     p99    p999   p9999 QPS
read      372.4   142.3   173.5   241.2   257.9   355.8   407.0   433.4   452.4
  472.1   500.7   544.2   660.9  1003.9  5767.4  19456.4
Local QPS = 19269.7 (192699 / 10.0s) - 192699.0, 0.0
#type       avg     std     min      p5     p10     p50     p67     p75     p80
    p85     p90     p95     p99    p999   p9999 QPS
read      375.4   143.3   173.5   242.0   258.8   358.6   410.7   437.4   456.7
  477.8   505.1   548.3   675.3  1064.1  5794.9  19269.7
Local QPS = 19347.2 (193472 / 10.0s) - 193472.0, 0.0
#type       avg     std     min      p5     p10     p50     p67     p75     p80
    p85     p90     p95     p99    p999   p9999 QPS
read      375.1   141.0   173.5   242.9   259.5   357.9   409.3   436.2   455.6
  476.6   504.1   547.4   664.7  1279.5  5119.6  19347.2
Local QPS = 19390.4 (193905 / 10.0s) - 193905.0, 0.0
#type       avg     std     min      p5     p10     p50     p67     p75     p80
    p85     p90     p95     p99    p999   p9999 QPS
read      369.4   159.4   173.5   238.1   253.9   351.0   403.5   430.3   449.0
  469.1   497.1   540.2   668.6  1222.0  7402.8  19390.4
Local QPS = 19416.2 (194162 / 10.0s) - 194162.0, 0.0
#type       avg     std     min      p5     p10     p50     p67     p75     p80
    p85     p90     p95     p99    p999   p9999 QPS
read      371.3   138.2   173.5   240.8   257.4   354.4   405.5   432.5   451.7
  471.7   500.4   542.9   660.7  1004.2  5339.1  19416.2
^C
clear
ubuntu@client-agent-b-706z:~/memcache-perf-dynamic$ clear
ubuntu@client-agent-b-706z:~/memcache-perf-dynamic$ cd memcache-perf-dynamic
-bash: cd: memcache-perf-dynamic: No such file or directory
ubuntu@client-agent-b-706z:~/memcache-perf-dynamic$ ./mcperf -T 4 -A
Local QPS = 19369.4 (193694 / 10.0s) - 193694.0, 0.0
#type       avg     std     min      p5     p10     p50     p67     p75     p80
    p85     p90     p95     p99    p999   p9999 QPS
read      410.1   297.3   187.4   249.7   267.6   379.6   434.2   464.8   488.2
  515.9   555.4   632.9   829.7  4294.3 14319.7  19369.4
Local QPS = 19376.4 (193764 / 10.0s) - 193764.0, 0.0
#type       avg     std     min      p5     p10     p50     p67     p75     p80
    p85     p90     p95     p99    p999   p9999 QPS
read      416.1   374.6   187.4   247.2   264.5   376.6   434.8   466.4   489.6
  515.9   549.9   612.7   841.2  7249.8 12202.8  19376.4
Local QPS = 19379.3 (193793 / 10.0s) - 193793.0, 0.0
#type       avg     std     min      p5     p10     p50     p67     p75     p80
    p85     p90     p95     p99    p999   p9999 QPS
read      394.9   321.8   173.5   239.1   255.9   364.0   419.2   449.1   469.8
  496.2   529.8   585.2   779.5  4605.4 12442.5  19379.3
Local QPS = 19264.5 (192645 / 10.0s) - 192645.0, 0.0
#type       avg     std     min      p5     p10     p50     p67     p75     p80
    p85     p90     p95     p99    p999   p9999 QPS
read      418.1   335.6   173.5   246.0   264.5   383.5   441.4   472.2   496.5
  525.3   565.0   637.8   877.7  4993.3 12650.7  19264.5
Local QPS = 19306.7 (193067 / 10.0s) - 193067.0, 0.0
#type       avg     std     min      p5     p10     p50     p67     p75     p80
    p85     p90     p95     p99    p999   p9999 QPS
read      396.8   303.4   187.4   242.2   259.1   365.7   420.6   450.4   470.8
  497.1   531.4   589.8   780.0  5141.0 10912.7  19306.7
Local QPS = 19373.6 (193736 / 10.0s) - 193736.0, 0.0
#type       avg     std     min      p5     p10     p50     p67     p75     p80
    p85     p90     p95     p99    p999   p9999 QPS
read      375.3   292.3   173.5   239.1   254.7   346.4   396.9   424.8   444.5
  467.3   497.9   544.8   697.9  4211.0 11033.0  19373.6
Local QPS = 19299.8 (192998 / 10.0s) - 192998.0, 0.0
#type       avg     std     min      p5     p10     p50     p67     p75     p80
    p85     p90     p95     p99    p999   p9999 QPS
read      365.1   236.3   173.5   238.5   252.6   337.2   385.7   412.4   431.8
  455.9   486.2   533.3   661.1  4140.2  8696.7  19299.8
Local QPS = 19324.5 (193245 / 10.0s) - 193245.0, 0.0
#type       avg     std     min      p5     p10     p50     p67     p75     p80
    p85     p90     p95     p99    p999   p9999 QPS
read      403.2   276.7   173.5   244.7   262.3   374.2   431.2   462.2   484.6
  509.4   544.8   607.0   789.3  4369.8 12304.9  19324.5
Local QPS = 19394.5 (193945 / 10.0s) - 193945.0, 0.0
#type       avg     std     min      p5     p10     p50     p67     p75     p80
    p85     p90     p95     p99    p999   p9999 QPS
read      372.2   221.8   173.5   238.2   253.3   346.8   397.8   425.6   445.5
  468.4   499.5   546.0   690.0  3236.9  9229.0  19394.5
Local QPS = 19282.6 (192826 / 10.0s) - 192826.0, 0.0
#type       avg     std     min      p5     p10     p50     p67     p75     p80
    p85     p90     p95     p99    p999   p9999 QPS
read      400.1   307.2   173.5   243.5   260.7   368.1   422.4   451.4   471.2
  498.3   533.7   597.3   843.4  4373.7 11543.7  19282.6
Local QPS = 19358.9 (193589 / 10.0s) - 193589.0, 0.0
#type       avg     std     min      p5     p10     p50     p67     p75     p80
    p85     p90     p95     p99    p999   p9999 QPS
read      371.5   189.8   173.5   240.5   256.9   353.0   402.9   429.5   448.4
  469.1   497.9   541.6   657.4  1231.1  7511.2  19358.9
Local QPS = 19452.5 (194525 / 10.0s) - 194525.0, 0.0
#type       avg     std     min      p5     p10     p50     p67     p75     p80
    p85     p90     p95     p99    p999   p9999 QPS
read      372.3   184.3   173.5   240.7   257.1   352.8   403.5   430.2   449.4
  470.3   499.8   544.7   675.9  1532.9  8198.6  19452.5
Local QPS = 19315.7 (193160 / 10.0s) - 193160.0, 0.0
#type       avg     std     min      p5     p10     p50     p67     p75     p80
    p85     p90     p95     p99    p999   p9999 QPS
read      368.3   199.2   173.5   239.6   255.5   348.8   400.0   426.7   445.1
  465.9   493.5   535.6   643.4  1445.1 10528.2  19315.7
Local QPS = 19375.2 (193752 / 10.0s) - 193752.0, 0.0
#type       avg     std     min      p5     p10     p50     p67     p75     p80
    p85     p90     p95     p99    p999   p9999 QPS
read      367.7   189.8   173.5   240.7   256.7   348.3   398.7   425.3   443.8
  465.2   493.9   537.3   648.7  1221.9  8668.1  19375.2
Local QPS = 19472.5 (194725 / 10.0s) - 194725.0, 0.0
#type       avg     std     min      p5     p10     p50     p67     p75     p80
    p85     p90     p95     p99    p999   p9999 QPS
read      372.4   173.2   173.5   241.2   257.8   354.9   404.4   431.0   450.1
  470.5   499.0   541.8   661.1  1333.3  7262.3  19472.5
Local QPS = 19409.2 (194092 / 10.0s) - 194092.0, 0.0
#type       avg     std     min      p5     p10     p50     p67     p75     p80
    p85     p90     p95     p99    p999   p9999 QPS
read      375.1   200.2   173.5   241.9   258.6   357.1   408.3   434.4   453.1
  472.6   500.3   542.2   657.0  1409.0  9995.4  19409.2

